[INFO] Scanning for projects...
[INFO] 
[INFO] ---------------------------< com.rasras:erp >---------------------------
[INFO] Building RasRas Plastics ERP 1.0.0-SNAPSHOT
[INFO]   from pom.xml
[INFO] --------------------------------[ jar ]---------------------------------
[INFO] 
[INFO] --- resources:3.3.1:resources (default-resources) @ erp ---
[INFO] Copying 2 resources from src\main\resources to target\classes
[INFO] Copying 0 resource from src\main\resources to target\classes
[INFO] 
[INFO] --- compiler:3.11.0:compile (default-compile) @ erp ---
[INFO] Changes detected - recompiling the module! :source
[INFO] Compiling 111 source files with javac [debug release 17] to target\classes
[INFO] Some messages have been simplified; recompile with -Xdiags:verbose to get full output
[INFO] -------------------------------------------------------------
[ERROR] COMPILATION ERROR : 
[INFO] -------------------------------------------------------------
[ERROR] /D:/2026/Rasras-Plastics/web/backend/src/main/java/com/rasras/erp/inventory/PriceListService.java:[104,33] incompatible types: java.lang.Integer cannot be converted to java.lang.Long
[INFO] 1 error
[INFO] -------------------------------------------------------------
[INFO] ------------------------------------------------------------------------
[INFO] BUILD FAILURE
[INFO] ------------------------------------------------------------------------
[INFO] Total time:  16.822 s
[INFO] Finished at: 2026-01-19T22:37:25+02:00
[INFO] ------------------------------------------------------------------------
[ERROR] Failed to execute goal org.apache.maven.plugins:maven-compiler-plugin:3.11.0:compile (default-compile) on project erp: Compilation failure
[ERROR] /D:/2026/Rasras-Plastics/web/backend/src/main/java/com/rasras/erp/inventory/PriceListService.java:[104,33] incompatible types: java.lang.Integer cannot be converted to java.lang.Long
[ERROR] -> [Help 1]
[ERROR] 
[ERROR] To see the full stack trace of the errors, re-run Maven with the -e switch.
[ERROR] Re-run Maven using the -X switch to enable full debug logging.
[ERROR] 
[ERROR] For more information about the errors and possible solutions, please read the following articles:
[ERROR] [Help 1] http://cwiki.apache.org/confluence/display/MAVEN/MojoFailureException
